[INFO] Scanning for projects...
[WARNING] 
[WARNING] Some problems were encountered while building the effective model for sn.ipd:gestion-scolaire:jar:0.0.1-SNAPSHOT
[WARNING] 'dependencies.dependency.(groupId:artifactId:type:classifier)' must be unique: org.springdoc:springdoc-openapi-starter-webmvc-ui:jar -> version 3.0.3 vs 2.8.6 @ line 77, column 15
[WARNING] 
[WARNING] It is highly recommended to fix these problems because they threaten the stability of your build.
[WARNING] 
[WARNING] For this reason, future Maven versions might no longer support building such malformed projects.
[WARNING] 
[INFO] 
[INFO] ----------------------< sn.ipd:gestion-scolaire >-----------------------
[INFO] Building  0.0.1-SNAPSHOT
[INFO]   from pom.xml
[INFO] --------------------------------[ jar ]---------------------------------
Downloading from central: https://repo.maven.apache.org/maven2/org/springdoc/springdoc-openapi-starter-webmvc-ui/2.8.6/springdoc-openapi-starter-webmvc-ui-2.8.6.pom
Progress (1): 1.7 kBProgress (1): 1.9 kB                    Downloaded from central: https://repo.maven.apache.org/maven2/org/springdoc/springdoc-openapi-starter-webmvc-ui/2.8.6/springdoc-openapi-starter-webmvc-ui-2.8.6.pom (1.9 kB at 65 B/s)
Downloading from central: https://repo.maven.apache.org/maven2/org/apache/activemq/artemis-bom/2.37.0/artemis-bom-2.37.0.pom
Progress (1): 799 BProgress (1): 3.2 kBProgress (1): 9.6 kB                    Downloaded from central: https://repo.maven.apache.org/maven2/org/apache/activemq/artemis-bom/2.37.0/artemis-bom-2.37.0.pom (9.6 kB at 35 kB/s)
Downloading from central: https://repo.maven.apache.org/maven2/org/apache/activemq/artemis-project/2.37.0/artemis-project-2.37.0.pom
Progress (1): 708 BProgress (1): 1.8 kBProgress (1): 4.2 kBProgress (1): 6.2 kBProgress (1): 7.7 kBProgress (1): 9.8 kBProgress (1): 12 kB Progress (1): 12 kBProgress (1): 14 kBProgress (1): 16 kBProgress (1): 20 kBProgress (1): 25 kBProgress (1): 28 kBProgress (1): 30 kBProgress (1): 36 kBProgress (1): 41 kBProgress (1): 43 kBProgress (1): 46 kBProgress (1): 50 kBProgress (1): 52 kBProgress (1): 56 kBProgress (1): 57 kB                   Downloaded from central: https://repo.maven.apache.org/maven2/org/apache/activemq/artemis-project/2.37.0/artemis-project-2.37.0.pom (57 kB at 216 kB/s)
Downloading from central: https://repo.maven.apache.org/maven2/org/assertj/assertj-bom/3.26.3/assertj-bom-3.26.3.pom
Progress (1): 1.0 kBProgress (1): 3.0 kBProgress (1): 3.7 kB                    Downloaded from central: https://repo.maven.apache.org/maven2/org/assertj/assertj-bom/3.26.3/assertj-bom-3.26.3.pom (3.7 kB at 21 kB/s)
Downloading from central: https://repo.maven.apache.org/maven2/io/zipkin/reporter2/zipkin-reporter-bom/3.4.3/zipkin-reporter-bom-3.4.3.pom
Progress (1): 756 BProgress (1): 1.7 kBProgress (1): 5.2 kBProgress (1): 6.4 kB                    Downloaded from central: https://repo.maven.apache.org/maven2/io/zipkin/reporter2/zipkin-reporter-bom/3.4.3/zipkin-reporter-bom-3.4.3.pom (6.4 kB at 56 kB/s)
Downloading from central: https://repo.maven.apache.org/maven2/org/infinispan/infinispan-bom/15.0.14.Final/infinispan-bom-15.0.14.Final.pom
Progress (1): 1.1 kBProgress (1): 6.7 kBProgress (1): 17 kB                    Downloaded from central: https://repo.maven.apache.org/maven2/org/infinispan/infinispan-bom/15.0.14.Final/infinispan-bom-15.0.14.Final.pom (17 kB at 191 kB/s)
Downloading from central: https://repo.maven.apache.org/maven2/org/infinispan/infinispan-build-configuration-parent/15.0.14.Final/infinispan-build-configuration-parent-15.0.14.Final.pom
Progress (1): 997 BProgress (1): 2.5 kBProgress (1): 4.7 kBProgress (1): 6.8 kBProgress (1): 8.3 kBProgress (1): 10 kB Progress (1): 13 kBProgress (1): 15 kBProgress (1): 18 kB                   Downloaded from central: https://repo.maven.apache.org/maven2/org/infinispan/infinispan-build-configuration-parent/15.0.14.Final/infinispan-build-configuration-parent-15.0.14.Final.pom (18 kB at 124 kB/s)
Downloading from central: https://repo.maven.apache.org/maven2/com/fasterxml/jackson/jackson-bom/2.18.3/jackson-bom-2.18.3.pom
Progress (1): 926 BProgress (1): 2.0 kBProgress (1): 6.3 kBProgress (1): 15 kB Progress (1): 18 kBProgress (1): 19 kB                   Downloaded from central: https://repo.maven.apache.org/maven2/com/fasterxml/jackson/jackson-bom/2.18.3/jackson-bom-2.18.3.pom (19 kB at 158 kB/s)
Downloading from central: https://repo.maven.apache.org/maven2/com/fasterxml/jackson/jackson-parent/2.18.1/jackson-parent-2.18.1.pom
Progress (1): 1.1 kBProgress (1): 2.2 kBProgress (1): 3.6 kBProgress (1): 5.5 kBProgress (1): 6.7 kB                    Downloaded from central: https://repo.maven.apache.org/maven2/com/fasterxml/jackson/jackson-parent/2.18.1/jackson-parent-2.18.1.pom (6.7 kB at 49 kB/s)
Downloading from central: https://repo.maven.apache.org/maven2/com/fasterxml/oss-parent/61/oss-parent-61.pom
Progress (1): 952 BProgress (1): 2.3 kBProgress (1): 3.5 kBProgress (1): 5.6 kBProgress (1): 8.6 kBProgress (1): 11 kB Progress (1): 13 kBProgress (1): 15 kBProgress (1): 18 kBProgress (1): 23 kB                   Downloaded from central: https://repo.maven.apache.org/maven2/com/fasterxml/oss-parent/61/oss-parent-61.pom (23 kB at 337 kB/s)
Downloading from central: https://repo.maven.apache.org/maven2/org/eclipse/jetty/ee10/jetty-ee10-bom/12.0.18/jetty-ee10-bom-12.0.18.pom
Progress (1): 1.1 kBProgress (1): 3.7 kBProgress (1): 9.6 kB                    Downloaded from central: https://repo.maven.apache.org/maven2/org/eclipse/jetty/ee10/jetty-ee10-bom/12.0.18/jetty-ee10-bom-12.0.18.pom (9.6 kB at 78 kB/s)
Downloading from central: https://repo.maven.apache.org/maven2/org/eclipse/jetty/jetty-bom/12.0.18/jetty-bom-12.0.18.pom
Progress (1): 1.1 kBProgress (1): 4.6 kBProgress (1): 15 kB                    Downloaded from central: https://repo.maven.apache.org/maven2/org/eclipse/jetty/jetty-bom/12.0.18/jetty-bom-12.0.18.pom (15 kB at 89 kB/s)
Downloading from central: https://repo.maven.apache.org/maven2/io/micrometer/micrometer-bom/1.14.5/micrometer-bom-1.14.5.pom
Progress (1): 1.0 kBProgress (1): 7.7 kBProgress (1): 8.6 kB                    Downloaded from central: https://repo.maven.apache.org/maven2/io/micrometer/micrometer-bom/1.14.5/micrometer-bom-1.14.5.pom (8.6 kB at 78 kB/s)
Downloading from central: https://repo.maven.apache.org/maven2/io/micrometer/micrometer-tracing-bom/1.4.4/micrometer-tracing-bom-1.4.4.pom
Progress (1): 1.0 kBProgress (1): 3.9 kBProgress (1): 4.5 kB                    Downloaded from central: https://repo.maven.apache.org/maven2/io/micrometer/micrometer-tracing-bom/1.4.4/micrometer-tracing-bom-1.4.4.pom (4.5 kB at 25 kB/s)
Downloading from central: https://repo.maven.apache.org/maven2/org/mockito/mockito-bom/5.14.2/mockito-bom-5.14.2.pom
Progress (1): 1.4 kBProgress (1): 3.0 kB                    Downloaded from central: https://repo.maven.apache.org/maven2/org/mockito/mockito-bom/5.14.2/mockito-bom-5.14.2.pom (3.0 kB at 37 kB/s)
Downloading from central: https://repo.maven.apache.org/maven2/io/netty/netty-bom/4.1.119.Final/netty-bom-4.1.119.Final.pom
Progress (1): 786 BProgress (1): 2.4 kBProgress (1): 12 kB Progress (1): 14 kB                   Downloaded from central: https://repo.maven.apache.org/maven2/io/netty/netty-bom/4.1.119.Final/netty-bom-4.1.119.Final.pom (14 kB at 156 kB/s)
Downloading from central: https://repo.maven.apache.org/maven2/io/opentelemetry/opentelemetry-bom/1.43.0/opentelemetry-bom-1.43.0.pom
Progress (1): 956 BProgress (1): 5.9 kB                    Downloaded from central: https://repo.maven.apache.org/maven2/io/opentelemetry/opentelemetry-bom/1.43.0/opentelemetry-bom-1.43.0.pom (5.9 kB at 100 kB/s)
Downloading from central: https://repo.maven.apache.org/maven2/org/apache/pulsar/pulsar-bom/3.3.5/pulsar-bom-3.3.5.pom
Progress (1): 798 BProgress (1): 2.4 kBProgress (1): 4.5 kBProgress (1): 14 kB Progress (1): 26 kB                   Downloaded from central: https://repo.maven.apache.org/maven2/org/apache/pulsar/pulsar-bom/3.3.5/pulsar-bom-3.3.5.pom (26 kB at 163 kB/s)
Downloading from central: https://repo.maven.apache.org/maven2/io/projectreactor/reactor-bom/2024.0.4/reactor-bom-2024.0.4.pom
Progress (1): 911 BProgress (1): 4.5 kBProgress (1): 4.8 kB                    Downloaded from central: https://repo.maven.apache.org/maven2/io/projectreactor/reactor-bom/2024.0.4/reactor-bom-2024.0.4.pom (4.8 kB at 59 kB/s)
Downloading from central: https://repo.maven.apache.org/maven2/io/rest-assured/rest-assured-bom/5.5.1/rest-assured-bom-5.5.1.pom
Progress (1): 1.1 kBProgress (1): 5.0 kB                    Downloaded from central: https://repo.maven.apache.org/maven2/io/rest-assured/rest-assured-bom/5.5.1/rest-assured-bom-5.5.1.pom (5.0 kB at 49 kB/s)
Downloading from central: https://repo.maven.apache.org/maven2/org/seleniumhq/selenium/selenium-bom/4.25.0/selenium-bom-4.25.0.pom
Progress (1): 1.1 kBProgress (1): 6.0 kB                    Downloaded from central: https://repo.maven.apache.org/maven2/org/seleniumhq/selenium/selenium-bom/4.25.0/selenium-bom-4.25.0.pom (6.0 kB at 7.1 kB/s)
Downloading from central: https://repo.maven.apache.org/maven2/org/springframework/amqp/spring-amqp-bom/3.2.4/spring-amqp-bom-3.2.4.pom
Progress (1): 963 BProgress (1): 3.9 kB                    Downloaded from central: https://repo.maven.apache.org/maven2/org/springframework/amqp/spring-amqp-bom/3.2.4/spring-amqp-bom-3.2.4.pom (3.9 kB at 12 kB/s)
Downloading from central: https://repo.maven.apache.org/maven2/org/springframework/data/spring-data-bom/2024.1.4/spring-data-bom-2024.1.4.pom
Progress (1): 960 BProgress (1): 2.5 kBProgress (1): 5.5 kB                    Downloaded from central: https://repo.maven.apache.org/maven2/org/springframework/data/spring-data-bom/2024.1.4/spring-data-bom-2024.1.4.pom (5.5 kB at 6.6 kB/s)
Downloading from central: https://repo.maven.apache.org/maven2/org/springframework/spring-framework-bom/6.2.5/spring-framework-bom-6.2.5.pom
Progress (1): 974 BProgress (1): 5.8 kB                    Downloaded from central: https://repo.maven.apache.org/maven2/org/springframework/spring-framework-bom/6.2.5/spring-framework-bom-6.2.5.pom (5.8 kB at 8.5 kB/s)
Downloading from central: https://repo.maven.apache.org/maven2/org/springframework/integration/spring-integration-bom/6.4.3/spring-integration-bom-6.4.3.pom
Progress (1): 961 BProgress (1): 6.7 kBProgress (1): 10 kB                    Downloaded from central: https://repo.maven.apache.org/maven2/org/springframework/integration/spring-integration-bom/6.4.3/spring-integration-bom-6.4.3.pom (10 kB at 79 kB/s)
Downloading from central: https://repo.maven.apache.org/maven2/org/springframework/pulsar/spring-pulsar-bom/1.2.4/spring-pulsar-bom-1.2.4.pom
Progress (1): 959 BProgress (1): 2.9 kB                    Downloaded from central: https://repo.maven.apache.org/maven2/org/springframework/pulsar/spring-pulsar-bom/1.2.4/spring-pulsar-bom-1.2.4.pom (2.9 kB at 8.9 kB/s)
Downloading from central: https://repo.maven.apache.org/maven2/org/springframework/security/spring-security-bom/6.4.4/spring-security-bom-6.4.4.pom
Progress (1): 973 BProgress (1): 5.3 kB                    Downloaded from central: https://repo.maven.apache.org/maven2/org/springframework/security/spring-security-bom/6.4.4/spring-security-bom-6.4.4.pom (5.3 kB at 22 kB/s)
Downloading from central: https://repo.maven.apache.org/maven2/org/springframework/session/spring-session-bom/3.4.2/spring-session-bom-3.4.2.pom
Progress (1): 1.0 kBProgress (1): 2.9 kB                    Downloaded from central: https://repo.maven.apache.org/maven2/org/springframework/session/spring-session-bom/3.4.2/spring-session-bom-3.4.2.pom (2.9 kB at 19 kB/s)
Downloading from central: https://repo.maven.apache.org/maven2/org/springframework/ws/spring-ws-bom/4.0.12/spring-ws-bom-4.0.12.pom
Progress (1): 1.2 kBProgress (1): 2.3 kB                    Downloaded from central: https://repo.maven.apache.org/maven2/org/springframework/ws/spring-ws-bom/4.0.12/spring-ws-bom-4.0.12.pom (2.3 kB at 16 kB/s)
Downloading from central: https://repo.maven.apache.org/maven2/org/springdoc/springdoc-openapi-starter-webmvc-api/2.8.6/springdoc-openapi-starter-webmvc-api-2.8.6.pom
Progress (1): 1.6 kBProgress (1): 1.8 kB                    Downloaded from central: https://repo.maven.apache.org/maven2/org/springdoc/springdoc-openapi-starter-webmvc-api/2.8.6/springdoc-openapi-starter-webmvc-api-2.8.6.pom (1.8 kB at 9.0 kB/s)
Downloading from central: https://repo.maven.apache.org/maven2/org/springdoc/springdoc-openapi-starter-common/2.8.6/springdoc-openapi-starter-common-2.8.6.pom
Progress (1): 1.8 kBProgress (1): 4.5 kBProgress (1): 4.8 kB                    Downloaded from central: https://repo.maven.apache.org/maven2/org/springdoc/springdoc-openapi-starter-common/2.8.6/springdoc-openapi-starter-common-2.8.6.pom (4.8 kB at 7.0 kB/s)
Downloading from central: https://repo.maven.apache.org/maven2/io/swagger/core/v3/swagger-core-jakarta/2.2.29/swagger-core-jakarta-2.2.29.pom
Progress (1): 1.8 kBProgress (1): 5.6 kB                    Downloaded from central: https://repo.maven.apache.org/maven2/io/swagger/core/v3/swagger-core-jakarta/2.2.29/swagger-core-jakarta-2.2.29.pom (5.6 kB at 5.5 kB/s)
Downloading from central: https://repo.maven.apache.org/maven2/io/swagger/core/v3/swagger-project-jakarta/2.2.29/swagger-project-jakarta-2.2.29.pom
Progress (1): 1.3 kBProgress (1): 3.4 kBProgress (1): 6.1 kBProgress (1): 11 kB Progress (1): 16 kBProgress (1): 22 kBProgress (1): 23 kB                   Downloaded from central: https://repo.maven.apache.org/maven2/io/swagger/core/v3/swagger-project-jakarta/2.2.29/swagger-project-jakarta-2.2.29.pom (23 kB at 32 kB/s)
Downloading from central: https://repo.maven.apache.org/maven2/io/swagger/core/v3/swagger-annotations-jakarta/2.2.29/swagger-annotations-jakarta-2.2.29.pom
Progress (1): 1.9 kBProgress (1): 3.3 kB                    Downloaded from central: https://repo.maven.apache.org/maven2/io/swagger/core/v3/swagger-annotations-jakarta/2.2.29/swagger-annotations-jakarta-2.2.29.pom (3.3 kB at 7.5 kB/s)
Downloading from central: https://repo.maven.apache.org/maven2/io/swagger/core/v3/swagger-models-jakarta/2.2.29/swagger-models-jakarta-2.2.29.pom
Progress (1): 2.1 kBProgress (1): 3.4 kB                    Downloaded from central: https://repo.maven.apache.org/maven2/io/swagger/core/v3/swagger-models-jakarta/2.2.29/swagger-models-jakarta-2.2.29.pom (3.4 kB at 1.6 kB/s)
Downloading from central: https://repo.maven.apache.org/maven2/org/webjars/swagger-ui/5.20.1/swagger-ui-5.20.1.pom
Progress (1): 1.5 kBProgress (1): 1.5 kB                    Downloaded from central: https://repo.maven.apache.org/maven2/org/webjars/swagger-ui/5.20.1/swagger-ui-5.20.1.pom (1.5 kB at 4.0 kB/s)
Downloading from central: https://repo.maven.apache.org/maven2/org/springdoc/springdoc-openapi-starter-webmvc-ui/2.8.6/springdoc-openapi-starter-webmvc-ui-2.8.6.jar
Progress (1): 7.7/23 kBProgress (1): 8.2/23 kBProgress (1): 23 kB                       Downloaded from central: https://repo.maven.apache.org/maven2/org/springdoc/springdoc-openapi-starter-webmvc-ui/2.8.6/springdoc-openapi-starter-webmvc-ui-2.8.6.jar (23 kB at 97 kB/s)
Downloading from central: https://repo.maven.apache.org/maven2/org/springdoc/springdoc-openapi-starter-webmvc-api/2.8.6/springdoc-openapi-starter-webmvc-api-2.8.6.jar
Downloading from central: https://repo.maven.apache.org/maven2/org/springdoc/springdoc-openapi-starter-common/2.8.6/springdoc-openapi-starter-common-2.8.6.jar
Downloading from central: https://repo.maven.apache.org/maven2/io/swagger/core/v3/swagger-core-jakarta/2.2.29/swagger-core-jakarta-2.2.29.jar
Downloading from central: https://repo.maven.apache.org/maven2/io/swagger/core/v3/swagger-annotations-jakarta/2.2.29/swagger-annotations-jakarta-2.2.29.jar
Downloading from central: https://repo.maven.apache.org/maven2/io/swagger/core/v3/swagger-models-jakarta/2.2.29/swagger-models-jakarta-2.2.29.jar
Progress (1): 7.7/43 kBProgress (1): 11/43 kB Progress (1): 28/43 kBProgress (1): 43 kB                      Downloaded from central: https://repo.maven.apache.org/maven2/org/springdoc/springdoc-openapi-starter-webmvc-api/2.8.6/springdoc-openapi-starter-webmvc-api-2.8.6.jar (43 kB at 242 kB/s)
Downloading from central: https://repo.maven.apache.org/maven2/org/webjars/swagger-ui/5.20.1/swagger-ui-5.20.1.jar
Progress (1): 0.9/246 kBProgress (1): 2.3/246 kBProgress (1): 3.6/246 kBProgress (1): 5.0/246 kBProgress (1): 6.4/246 kBProgress (1): 7.7/246 kBProgress (1): 8.2/246 kBProgress (1): 9.6/246 kBProgress (1): 11/246 kB Progress (1): 12/246 kBProgress (2): 12/246 kB | 0/3.2 MBProgress (3): 12/246 kB | 0/3.2 MB | 0.9/50 kBProgress (3): 12/246 kB | 0/3.2 MB | 0.9/50 kBProgress (3): 12/246 kB | 0/3.2 MB | 2.3/50 kBProgress (3): 14/246 kB | 0/3.2 MB | 2.3/50 kBProgress (3): 15/246 kB | 0/3.2 MB | 2.3/50 kBProgress (3): 16/246 kB | 0/3.2 MB | 2.3/50 kBProgress (3): 18/246 kB | 0/3.2 MB | 2.3/50 kBProgress (3): 19/246 kB | 0/3.2 MB | 2.3/50 kBProgress (3): 19/246 kB | 0/3.2 MB | 2.3/50 kBProgress (3): 19/246 kB | 0/3.2 MB | 2.3/50 kBProgress (3): 19/246 kB | 0.1/3.2 MB | 2.3/50 kBProgress (3): 19/246 kB | 0.1/3.2 MB | 2.3/50 kBProgress (3): 19/246 kB | 0.1/3.2 MB | 2.3/50 kBProgress (3): 19/246 kB | 0.1/3.2 MB | 2.3/50 kBProgress (3): 19/246 kB | 0.1/3.2 MB | 2.3/50 kBProgress (3): 19/246 kB | 0.1/3.2 MB | 2.3/50 kBProgress (3): 19/246 kB | 0.2/3.2 MB | 2.3/50 kBProgress (3): 19/246 kB | 0.2/3.2 MB | 2.3/50 kBProgress (3): 19/246 kB | 0.2/3.2 MB | 2.3/50 kBProgress (3): 19/246 kB | 0.2/3.2 MB | 2.3/50 kBProgress (3): 19/246 kB | 0.2/3.2 MB | 2.3/50 kBProgress (3): 19/246 kB | 0.2/3.2 MB | 2.3/50 kBProgress (3): 19/246 kB | 0.2/3.2 MB | 2.3/50 kBProgress (3): 19/246 kB | 0.3/3.2 MB | 2.3/50 kBProgress (3): 19/246 kB | 0.3/3.2 MB | 2.3/50 kBProgress (3): 19/246 kB | 0.3/3.2 MB | 3.6/50 kBProgress (3): 19/246 kB | 0.3/3.2 MB | 5.0/50 kBProgress (3): 19/246 kB | 0.3/3.2 MB | 5.0/50 kBProgress (4): 19/246 kB | 0.3/3.2 MB | 5.0/50 kB | 0.9/519 kBProgress (4): 19/246 kB | 0.3/3.2 MB | 5.0/50 kB | 2.3/519 kBProgress (5): 19/246 kB | 0.3/3.2 MB | 5.0/50 kB | 2.3/519 kB | 0.9/138 kBProgress (5): 19/246 kB | 0.3/3.2 MB | 5.0/50 kB | 3.6/519 kB | 0.9/138 kBProgress (5): 19/246 kB | 0.3/3.2 MB | 5.0/50 kB | 3.6/519 kB | 2.3/138 kBProgress (5): 19/246 kB | 0.3/3.2 MB | 5.0/50 kB | 5.0/519 kB | 2.3/138 kBProgress (5): 19/246 kB | 0.3/3.2 MB | 5.0/50 kB | 6.4/519 kB | 2.3/138 kBProgress (5): 19/246 kB | 0.3/3.2 MB | 5.0/50 kB | 7.7/519 kB | 2.3/138 kBProgress (5): 19/246 kB | 0.3/3.2 MB | 5.0/50 kB | 9.1/519 kB | 2.3/138 kBProgress (5): 19/246 kB | 0.3/3.2 MB | 6.4/50 kB | 9.1/519 kB | 2.3/138 kBProgress (5): 19/246 kB | 0.3/3.2 MB | 7.7/50 kB | 9.1/519 kB | 2.3/138 kBProgress (5): 19/246 kB | 0.3/3.2 MB | 8.2/50 kB | 9.1/519 kB | 2.3/138 kBProgress (5): 19/246 kB | 0.3/3.2 MB | 9.6/50 kB | 9.1/519 kB | 2.3/138 kBProgress (5): 19/246 kB | 0.3/3.2 MB | 11/50 kB | 9.1/519 kB | 2.3/138 kB Progress (5): 19/246 kB | 0.3/3.2 MB | 12/50 kB | 9.1/519 kB | 2.3/138 kBProgress (5): 21/246 kB | 0.3/3.2 MB | 12/50 kB | 9.1/519 kB | 2.3/138 kBProgress (5): 22/246 kB | 0.3/3.2 MB | 12/50 kB | 9.1/519 kB | 2.3/138 kBProgress (5): 23/246 kB | 0.3/3.2 MB | 12/50 kB | 9.1/519 kB | 2.3/138 kBProgress (5): 25/246 kB | 0.3/3.2 MB | 12/50 kB | 9.1/519 kB | 2.3/138 kBProgress (5): 26/246 kB | 0.3/3.2 MB | 12/50 kB | 9.1/519 kB | 2.3/138 kBProgress (5): 27/246 kB | 0.3/3.2 MB | 12/50 kB | 9.1/519 kB | 2.3/138 kBProgress (5): 29/246 kB | 0.3/3.2 MB | 12/50 kB | 9.1/519 kB | 2.3/138 kBProgress (5): 30/246 kB | 0.3/3.2 MB | 12/50 kB | 9.1/519 kB | 2.3/138 kBProgress (5): 31/246 kB | 0.3/3.2 MB | 12/50 kB | 9.1/519 kB | 2.3/138 kBProgress (5): 33/246 kB | 0.3/3.2 MB | 12/50 kB | 9.1/519 kB | 2.3/138 kBProgress (5): 34/246 kB | 0.3/3.2 MB | 12/50 kB | 9.1/519 kB | 2.3/138 kBProgress (5): 36/246 kB | 0.3/3.2 MB | 12/50 kB | 9.1/519 kB | 2.3/138 kBProgress (5): 37/246 kB | 0.3/3.2 MB | 12/50 kB | 9.1/519 kB | 2.3/138 kBProgress (5): 38/246 kB | 0.3/3.2 MB | 12/50 kB | 9.1/519 kB | 2.3/138 kBProgress (5): 40/246 kB | 0.3/3.2 MB | 12/50 kB | 9.1/519 kB | 2.3/138 kBProgress (5): 41/246 kB | 0.3/3.2 MB | 12/50 kB | 9.1/519 kB | 2.3/138 kBProgress (5): 41/246 kB | 0.3/3.2 MB | 12/50 kB | 10/519 kB | 2.3/138 kB Progress (5): 41/246 kB | 0.3/3.2 MB | 12/50 kB | 12/519 kB | 2.3/138 kBProgress (5): 41/246 kB | 0.3/3.2 MB | 12/50 kB | 12/519 kB | 2.3/138 kBProgress (5): 41/246 kB | 0.3/3.2 MB | 12/50 kB | 14/519 kB | 2.3/138 kBProgress (5): 41/246 kB | 0.3/3.2 MB | 12/50 kB | 15/519 kB | 2.3/138 kBProgress (5): 41/246 kB | 0.3/3.2 MB | 12/50 kB | 16/519 kB | 2.3/138 kBProgress (5): 41/246 kB | 0.3/3.2 MB | 12/50 kB | 18/519 kB | 2.3/138 kBProgress (5): 41/246 kB | 0.3/3.2 MB | 12/50 kB | 19/519 kB | 2.3/138 kBProgress (5): 41/246 kB | 0.3/3.2 MB | 12/50 kB | 21/519 kB | 2.3/138 kBProgress (5): 41/246 kB | 0.3/3.2 MB | 12/50 kB | 22/519 kB | 2.3/138 kBProgress (5): 41/246 kB | 0.3/3.2 MB | 12/50 kB | 23/519 kB | 2.3/138 kBProgress (5): 41/246 kB | 0.3/3.2 MB | 12/50 kB | 25/519 kB | 2.3/138 kBProgress (5): 41/246 kB | 0.3/3.2 MB | 12/50 kB | 26/519 kB | 2.3/138 kBProgress (5): 41/246 kB | 0.3/3.2 MB | 12/50 kB | 27/519 kB | 2.3/138 kBProgress (5): 41/246 kB | 0.3/3.2 MB | 12/50 kB | 27/519 kB | 2.3/138 kBProgress (5): 42/246 kB | 0.3/3.2 MB | 12/50 kB | 27/519 kB | 2.3/138 kBProgress (5): 44/246 kB | 0.3/3.2 MB | 12/50 kB | 27/519 kB | 2.3/138 kBProgress (5): 45/246 kB | 0.3/3.2 MB | 12/50 kB | 27/519 kB | 2.3/138 kBProgress (5): 47/246 kB | 0.3/3.2 MB | 12/50 kB | 27/519 kB | 2.3/138 kBProgress (5): 48/246 kB | 0.3/3.2 MB | 12/50 kB | 27/519 kB | 2.3/138 kBProgress (5): 49/246 kB | 0.3/3.2 MB | 12/50 kB | 27/519 kB | 2.3/138 kBProgress (5): 51/246 kB | 0.3/3.2 MB | 12/50 kB | 27/519 kB | 2.3/138 kBProgress (5): 51/246 kB | 0.3/3.2 MB | 12/50 kB | 29/519 kB | 2.3/138 kBProgress (5): 51/246 kB | 0.3/3.2 MB | 12/50 kB | 30/519 kB | 2.3/138 kBProgress (5): 51/246 kB | 0.3/3.2 MB | 12/50 kB | 31/519 kB | 2.3/138 kBProgress (5): 51/246 kB | 0.3/3.2 MB | 12/50 kB | 33/519 kB | 2.3/138 kBProgress (5): 51/246 kB | 0.3/3.2 MB | 12/50 kB | 34/519 kB | 2.3/138 kBProgress (5): 51/246 kB | 0.3/3.2 MB | 12/50 kB | 36/519 kB | 2.3/138 kBProgress (5): 51/246 kB | 0.3/3.2 MB | 12/50 kB | 37/519 kB | 2.3/138 kBProgress (5): 52/246 kB | 0.3/3.2 MB | 12/50 kB | 37/519 kB | 2.3/138 kBProgress (5): 52/246 kB | 0.3/3.2 MB | 12/50 kB | 37/519 kB | 2.3/138 kBProgress (5): 53/246 kB | 0.3/3.2 MB | 12/50 kB | 37/519 kB | 2.3/138 kBProgress (5): 55/246 kB | 0.3/3.2 MB | 12/50 kB | 37/519 kB | 2.3/138 kBProgress (5): 59/246 kB | 0.3/3.2 MB | 12/50 kB | 37/519 kB | 2.3/138 kBProgress (5): 59/246 kB | 0.3/3.2 MB | 12/50 kB | 37/519 kB | 2.3/138 kBProgress (5): 63/246 kB | 0.3/3.2 MB | 12/50 kB | 37/519 kB | 2.3/138 kBProgress (5): 66/246 kB | 0.3/3.2 MB | 12/50 kB | 37/519 kB | 2.3/138 kBProgress (5): 66/246 kB | 0.3/3.2 MB | 12/50 kB | 38/519 kB | 2.3/138 kBProgress (5): 66/246 kB | 0.3/3.2 MB | 12/50 kB | 40/519 kB | 2.3/138 kBProgress (5): 66/246 kB | 0.3/3.2 MB | 12/50 kB | 41/519 kB | 2.3/138 kBProgress (5): 66/246 kB | 0.3/3.2 MB | 12/50 kB | 42/519 kB | 2.3/138 kBProgress (5): 66/246 kB | 0.3/3.2 MB | 12/50 kB | 44/519 kB | 2.3/138 kBProgress (5): 70/246 kB | 0.3/3.2 MB | 12/50 kB | 44/519 kB | 2.3/138 kBProgress (5): 74/246 kB | 0.3/3.2 MB | 12/50 kB | 44/519 kB | 2.3/138 kBProgress (5): 74/246 kB | 0.3/3.2 MB | 12/50 kB | 45/519 kB | 2.3/138 kBProgress (5): 78/246 kB | 0.3/3.2 MB | 12/50 kB | 45/519 kB | 2.3/138 kBProgress (5): 78/246 kB | 0.3/3.2 MB | 12/50 kB | 47/519 kB | 2.3/138 kBProgress (5): 78/246 kB | 0.3/3.2 MB | 12/50 kB | 48/519 kB | 2.3/138 kBProgress (5): 78/246 kB | 0.3/3.2 MB | 12/50 kB | 49/519 kB | 2.3/138 kBProgress (5): 78/246 kB | 0.3/3.2 MB | 12/50 kB | 51/519 kB | 2.3/138 kBProgress (5): 78/246 kB | 0.3/3.2 MB | 12/50 kB | 52/519 kB | 2.3/138 kBProgress (5): 78/246 kB | 0.4/3.2 MB | 12/50 kB | 52/519 kB | 2.3/138 kBProgress (5): 82/246 kB | 0.4/3.2 MB | 12/50 kB | 52/519 kB | 2.3/138 kBProgress (5): 82/246 kB | 0.4/3.2 MB | 12/50 kB | 53/519 kB | 2.3/138 kBProgress (5): 82/246 kB | 0.4/3.2 MB | 12/50 kB | 53/519 kB | 2.3/138 kBProgress (5): 82/246 kB | 0.4/3.2 MB | 12/50 kB | 55/519 kB | 2.3/138 kBProgress (5): 87/246 kB | 0.4/3.2 MB | 12/50 kB | 55/519 kB | 2.3/138 kBProgress (5): 87/246 kB | 0.4/3.2 MB | 12/50 kB | 59/519 kB | 2.3/138 kBProgress (5): 87/246 kB | 0.4/3.2 MB | 12/50 kB | 63/519 kB | 2.3/138 kBProgress (5): 91/246 kB | 0.4/3.2 MB | 12/50 kB | 63/519 kB | 2.3/138 kBProgress (5): 95/246 kB | 0.4/3.2 MB | 12/50 kB | 63/519 kB | 2.3/138 kBProgress (5): 95/246 kB | 0.4/3.2 MB | 12/50 kB | 63/519 kB | 2.3/138 kBProgress (5): 95/246 kB | 0.4/3.2 MB | 12/50 kB | 67/519 kB | 2.3/138 kBProgress (5): 98/246 kB | 0.4/3.2 MB | 12/50 kB | 67/519 kB | 2.3/138 kBProgress (5): 98/246 kB | 0.4/3.2 MB | 12/50 kB | 72/519 kB | 2.3/138 kBProgress (5): 98/246 kB | 0.4/3.2 MB | 12/50 kB | 72/519 kB | 2.3/138 kBProgress (5): 103/246 kB | 0.4/3.2 MB | 12/50 kB | 72/519 kB | 2.3/138 kBProgress (5): 107/246 kB | 0.4/3.2 MB | 12/50 kB | 72/519 kB | 2.3/138 kBProgress (5): 111/246 kB | 0.4/3.2 MB | 12/50 kB | 72/519 kB | 2.3/138 kBProgress (5): 115/246 kB | 0.4/3.2 MB | 12/50 kB | 72/519 kB | 2.3/138 kBProgress (5): 119/246 kB | 0.4/3.2 MB | 12/50 kB | 72/519 kB | 2.3/138 kBProgress (5): 119/246 kB | 0.4/3.2 MB | 12/50 kB | 72/519 kB | 2.3/138 kBProgress (5): 119/246 kB | 0.4/3.2 MB | 12/50 kB | 72/519 kB | 2.3/138 kBProgress (5): 124/246 kB | 0.4/3.2 MB | 12/50 kB | 72/519 kB | 2.3/138 kBProgress (5): 128/246 kB | 0.4/3.2 MB | 12/50 kB | 72/519 kB | 2.3/138 kBProgress (5): 131/246 kB | 0.4/3.2 MB | 12/50 kB | 72/519 kB | 2.3/138 kBProgress (5): 131/246 kB | 0.5/3.2 MB | 12/50 kB | 72/519 kB | 2.3/138 kBProgress (5): 135/246 kB | 0.5/3.2 MB | 12/50 kB | 72/519 kB | 2.3/138 kBProgress (5): 140/246 kB | 0.5/3.2 MB | 12/50 kB | 72/519 kB | 2.3/138 kBProgress (5): 144/246 kB | 0.5/3.2 MB | 12/50 kB | 72/519 kB | 2.3/138 kBProgress (5): 144/246 kB | 0.5/3.2 MB | 12/50 kB | 72/519 kB | 2.3/138 kBProgress (5): 147/246 kB | 0.5/3.2 MB | 12/50 kB | 72/519 kB | 2.3/138 kBProgress (5): 147/246 kB | 0.5/3.2 MB | 12/50 kB | 72/519 kB | 2.3/138 kBProgress (5): 152/246 kB | 0.5/3.2 MB | 12/50 kB | 72/519 kB | 2.3/138 kBProgress (5): 152/246 kB | 0.5/3.2 MB | 12/50 kB | 72/519 kB | 2.3/138 kBProgress (5): 156/246 kB | 0.5/3.2 MB | 12/50 kB | 72/519 kB | 2.3/138 kBProgress (5): 160/246 kB | 0.5/3.2 MB | 12/50 kB | 72/519 kB | 2.3/138 kBProgress (5): 164/246 kB | 0.5/3.2 MB | 12/50 kB | 72/519 kB | 2.3/138 kBProgress (5): 164/246 kB | 0.5/3.2 MB | 12/50 kB | 72/519 kB | 2.3/138 kBProgress (5): 169/246 kB | 0.5/3.2 MB | 12/50 kB | 72/519 kB | 2.3/138 kBProgress (5): 173/246 kB | 0.5/3.2 MB | 12/50 kB | 72/519 kB | 2.3/138 kBProgress (5): 177/246 kB | 0.5/3.2 MB | 12/50 kB | 72/519 kB | 2.3/138 kBProgress (5): 180/246 kB | 0.5/3.2 MB | 12/50 kB | 72/519 kB | 2.3/138 kBProgress (5): 184/246 kB | 0.5/3.2 MB | 12/50 kB | 72/519 kB | 2.3/138 kBProgress (5): 184/246 kB | 0.5/3.2 MB | 12/50 kB | 72/519 kB | 2.3/138 kBProgress (5): 189/246 kB | 0.5/3.2 MB | 12/50 kB | 72/519 kB | 2.3/138 kBProgress (5): 193/246 kB | 0.5/3.2 MB | 12/50 kB | 72/519 kB | 2.3/138 kBProgress (5): 197/246 kB | 0.5/3.2 MB | 12/50 kB | 72/519 kB | 2.3/138 kBProgress (5): 201/246 kB | 0.5/3.2 MB | 12/50 kB | 72/519 kB | 2.3/138 kBProgress (5): 201/246 kB | 0.6/3.2 MB | 12/50 kB | 72/519 kB | 2.3/138 kBProgress (5): 201/246 kB | 0.6/3.2 MB | 12/50 kB | 72/519 kB | 2.3/138 kBProgress (5): 201/246 kB | 0.6/3.2 MB | 12/50 kB | 72/519 kB | 2.3/138 kBProgress (5): 201/246 kB | 0.6/3.2 MB | 12/50 kB | 72/519 kB | 2.3/138 kBProgress (5): 205/246 kB | 0.6/3.2 MB | 12/50 kB | 72/519 kB | 2.3/138 kBProgress (5): 209/246 kB | 0.6/3.2 MB | 12/50 kB | 72/519 kB | 2.3/138 kBProgress (5): 213/246 kB | 0.6/3.2 MB | 12/50 kB | 72/519 kB | 2.3/138 kBProgress (5): 217/246 kB | 0.6/3.2 MB | 12/50 kB | 72/519 kB | 2.3/138 kBProgress (5): 221/246 kB | 0.6/3.2 MB | 12/50 kB | 72/519 kB | 2.3/138 kBProgress (5): 221/246 kB | 0.6/3.2 MB | 12/50 kB | 72/519 kB | 2.3/138 kBProgress (5): 221/246 kB | 0.6/3.2 MB | 12/50 kB | 72/519 kB | 2.3/138 kBProgress (5): 234/246 kB | 0.6/3.2 MB | 12/50 kB | 72/519 kB | 2.3/138 kBProgress (5): 234/246 kB | 0.7/3.2 MB | 12/50 kB | 72/519 kB | 2.3/138 kBProgress (5): 234/246 kB | 0.7/3.2 MB | 12/50 kB | 72/519 kB | 2.3/138 kBProgress (5): 234/246 kB | 0.7/3.2 MB | 12/50 kB | 72/519 kB | 2.3/138 kBProgress (5): 234/246 kB | 0.7/3.2 MB | 12/50 kB | 72/519 kB | 2.3/138 kBProgress (5): 234/246 kB | 0.7/3.2 MB | 12/50 kB | 72/519 kB | 2.3/138 kBProgress (5): 234/246 kB | 0.7/3.2 MB | 12/50 kB | 72/519 kB | 2.3/138 kBProgress (5): 234/246 kB | 0.8/3.2 MB | 12/50 kB | 72/519 kB | 2.3/138 kBProgress (5): 234/246 kB | 0.8/3.2 MB | 12/50 kB | 72/519 kB | 2.3/138 kBProgress (5): 234/246 kB | 0.8/3.2 MB | 12/50 kB | 72/519 kB | 2.3/138 kBProgress (5): 234/246 kB | 0.8/3.2 MB | 12/50 kB | 72/519 kB | 2.3/138 kBProgress (5): 234/246 kB | 0.8/3.2 MB | 12/50 kB | 72/519 kB | 2.3/138 kBProgress (5): 234/246 kB | 0.8/3.2 MB | 12/50 kB | 72/519 kB | 2.3/138 kBProgress (5): 234/246 kB | 0.9/3.2 MB | 12/50 kB | 72/519 kB | 2.3/138 kBProgress (5): 234/246 kB | 0.9/3.2 MB | 12/50 kB | 72/519 kB | 2.3/138 kBProgress (5): 234/246 kB | 0.9/3.2 MB | 12/50 kB | 72/519 kB | 2.3/138 kBProgress (5): 234/246 kB | 0.9/3.2 MB | 12/50 kB | 72/519 kB | 2.3/138 kBProgress (5): 234/246 kB | 0.9/3.2 MB | 12/50 kB | 72/519 kB | 2.3/138 kBProgress (5): 234/246 kB | 0.9/3.2 MB | 12/50 kB | 72/519 kB | 2.3/138 kBProgress (5): 234/246 kB | 1.0/3.2 MB | 12/50 kB | 72/519 kB | 2.3/138 kBProgress (5): 234/246 kB | 1.0/3.2 MB | 12/50 kB | 72/519 kB | 2.3/138 kBProgress (5): 234/246 kB | 1.0/3.2 MB | 12/50 kB | 72/519 kB | 2.3/138 kBProgress (5): 234/246 kB | 1.0/3.2 MB | 12/50 kB | 72/519 kB | 3.6/138 kBProgress (5): 234/246 kB | 1.0/3.2 MB | 12/50 kB | 72/519 kB | 5.0/138 kBProgress (5): 234/246 kB | 1.0/3.2 MB | 12/50 kB | 72/519 kB | 6.4/138 kBProgress (5): 234/246 kB | 1.0/3.2 MB | 12/50 kB | 72/519 kB | 7.7/138 kBProgress (5): 234/246 kB | 1.0/3.2 MB | 12/50 kB | 72/519 kB | 9.1/138 kBProgress (5): 234/246 kB | 1.0/3.2 MB | 12/50 kB | 72/519 kB | 10/138 kB Progress (5): 234/246 kB | 1.0/3.2 MB | 12/50 kB | 72/519 kB | 12/138 kBProgress (5): 234/246 kB | 1.0/3.2 MB | 12/50 kB | 72/519 kB | 12/138 kBProgress (5): 234/246 kB | 1.0/3.2 MB | 12/50 kB | 72/519 kB | 13/138 kBProgress (5): 234/246 kB | 1.0/3.2 MB | 12/50 kB | 72/519 kB | 15/138 kBProgress (5): 234/246 kB | 1.0/3.2 MB | 12/50 kB | 72/519 kB | 16/138 kBProgress (5): 234/246 kB | 1.0/3.2 MB | 12/50 kB | 72/519 kB | 17/138 kBProgress (5): 234/246 kB | 1.0/3.2 MB | 12/50 kB | 72/519 kB | 19/138 kBProgress (5): 234/246 kB | 1.0/3.2 MB | 12/50 kB | 72/519 kB | 20/138 kBProgress (5): 234/246 kB | 1.0/3.2 MB | 12/50 kB | 72/519 kB | 21/138 kBProgress (5): 234/246 kB | 1.0/3.2 MB | 12/50 kB | 72/519 kB | 21/138 kBProgress (5): 234/246 kB | 1.0/3.2 MB | 12/50 kB | 72/519 kB | 23/138 kBProgress (5): 234/246 kB | 1.0/3.2 MB | 12/50 kB | 72/519 kB | 24/138 kBProgress (5): 234/246 kB | 1.0/3.2 MB | 12/50 kB | 72/519 kB | 25/138 kBProgress (5): 234/246 kB | 1.0/3.2 MB | 12/50 kB | 72/519 kB | 26/138 kBProgress (5): 234/246 kB | 1.0/3.2 MB | 12/50 kB | 72/519 kB | 27/138 kBProgress (5): 234/246 kB | 1.0/3.2 MB | 12/50 kB | 72/519 kB | 27/138 kBProgress (5): 234/246 kB | 1.0/3.2 MB | 12/50 kB | 72/519 kB | 27/138 kBProgress (5): 234/246 kB | 1.0/3.2 MB | 12/50 kB | 72/519 kB | 29/138 kBProgress (5): 234/246 kB | 1.0/3.2 MB | 12/50 kB | 72/519 kB | 30/138 kBProgress (5): 234/246 kB | 1.0/3.2 MB | 12/50 kB | 72/519 kB | 31/138 kBProgress (5): 234/246 kB | 1.0/3.2 MB | 12/50 kB | 72/519 kB | 33/138 kBProgress (5): 234/246 kB | 1.0/3.2 MB | 12/50 kB | 72/519 kB | 34/138 kBProgress (5): 234/246 kB | 1.0/3.2 MB | 12/50 kB | 72/519 kB | 36/138 kBProgress (5): 234/246 kB | 1.1/3.2 MB | 12/50 kB | 72/519 kB | 36/138 kBProgress (5): 234/246 kB | 1.1/3.2 MB | 12/50 kB | 72/519 kB | 36/138 kBProgress (5): 234/246 kB | 1.1/3.2 MB | 12/50 kB | 72/519 kB | 37/138 kBProgress (5): 234/246 kB | 1.1/3.2 MB | 12/50 kB | 72/519 kB | 38/138 kBProgress (5): 234/246 kB | 1.1/3.2 MB | 12/50 kB | 72/519 kB | 40/138 kBProgress (5): 234/246 kB | 1.1/3.2 MB | 12/50 kB | 72/519 kB | 41/138 kBProgress (5): 246 kB | 1.1/3.2 MB | 12/50 kB | 72/519 kB | 41/138 kB    Progress (5): 246 kB | 1.1/3.2 MB | 12/50 kB | 72/519 kB | 42/138 kBProgress (5): 246 kB | 1.1/3.2 MB | 12/50 kB | 72/519 kB | 44/138 kBProgress (5): 246 kB | 1.1/3.2 MB | 12/50 kB | 72/519 kB | 45/138 kBProgress (5): 246 kB | 1.1/3.2 MB | 12/50 kB | 72/519 kB | 46/138 kBProgress (5): 246 kB | 1.1/3.2 MB | 12/50 kB | 72/519 kB | 48/138 kBProgress (5): 246 kB | 1.1/3.2 MB | 12/50 kB | 72/519 kB | 49/138 kBProgress (5): 246 kB | 1.1/3.2 MB | 12/50 kB | 72/519 kB | 51/138 kBProgress (5): 246 kB | 1.1/3.2 MB | 12/50 kB | 72/519 kB | 52/138 kBProgress (5): 246 kB | 1.1/3.2 MB | 12/50 kB | 72/519 kB | 53/138 kBProgress (5): 246 kB | 1.1/3.2 MB | 12/50 kB | 72/519 kB | 55/138 kBProgress (5): 246 kB | 1.1/3.2 MB | 12/50 kB | 72/519 kB | 59/138 kBProgress (5): 246 kB | 1.1/3.2 MB | 12/50 kB | 72/519 kB | 63/138 kBProgress (5): 246 kB | 1.1/3.2 MB | 12/50 kB | 72/519 kB | 63/138 kBProgress (5): 246 kB | 1.1/3.2 MB | 12/50 kB | 72/519 kB | 63/138 kBProgress (5): 246 kB | 1.1/3.2 MB | 12/50 kB | 72/519 kB | 67/138 kBProgress (5): 246 kB | 1.1/3.2 MB | 12/50 kB | 72/519 kB | 72/138 kBProgress (5): 246 kB | 1.1/3.2 MB | 12/50 kB | 72/519 kB | 76/138 kBProgress (5): 246 kB | 1.1/3.2 MB | 12/50 kB | 72/519 kB | 80/138 kBProgress (5): 246 kB | 1.1/3.2 MB | 12/50 kB | 72/519 kB | 80/138 kBProgress (5): 246 kB | 1.1/3.2 MB | 12/50 kB | 72/519 kB | 84/138 kBProgress (5): 246 kB | 1.1/3.2 MB | 12/50 kB | 72/519 kB | 89/138 kBProgress (5): 246 kB | 1.1/3.2 MB | 12/50 kB | 72/519 kB | 93/138 kBProgress (5): 246 kB | 1.1/3.2 MB | 12/50 kB | 72/519 kB | 97/138 kBProgress (5): 246 kB | 1.1/3.2 MB | 12/50 kB | 72/519 kB | 97/138 kBProgress (5): 246 kB | 1.2/3.2 MB | 12/50 kB | 72/519 kB | 97/138 kBProgress (5): 246 kB | 1.2/3.2 MB | 12/50 kB | 72/519 kB | 97/138 kBProgress (5): 246 kB | 1.2/3.2 MB | 12/50 kB | 72/519 kB | 101/138 kBProgress (5): 246 kB | 1.2/3.2 MB | 12/50 kB | 72/519 kB | 105/138 kBProgress (5): 246 kB | 1.2/3.2 MB | 12/50 kB | 72/519 kB | 110/138 kBProgress (5): 246 kB | 1.2/3.2 MB | 12/50 kB | 72/519 kB | 114/138 kBProgress (5): 246 kB | 1.2/3.2 MB | 12/50 kB | 72/519 kB | 114/138 kBProgress (5): 246 kB | 1.2/3.2 MB | 12/50 kB | 72/519 kB | 114/138 kBProgress (5): 246 kB | 1.2/3.2 MB | 14/50 kB | 72/519 kB | 114/138 kBProgress (5): 246 kB | 1.2/3.2 MB | 15/50 kB | 72/519 kB | 114/138 kBProgress (5): 246 kB | 1.2/3.2 MB | 16/50 kB | 72/519 kB | 114/138 kBProgress (5): 246 kB | 1.2/3.2 MB | 18/50 kB | 72/519 kB | 114/138 kBProgress (5): 246 kB | 1.2/3.2 MB | 19/50 kB | 72/519 kB | 114/138 kBProgress (5): 246 kB | 1.2/3.2 MB | 21/50 kB | 72/519 kB | 114/138 kBProgress (5): 246 kB | 1.2/3.2 MB | 22/50 kB | 72/519 kB | 114/138 kBProgress (5): 246 kB | 1.2/3.2 MB | 23/50 kB | 72/519 kB | 114/138 kBProgress (5): 246 kB | 1.2/3.2 MB | 25/50 kB | 72/519 kB | 114/138 kBProgress (5): 246 kB | 1.2/3.2 MB | 26/50 kB | 72/519 kB | 114/138 kBProgress (5): 246 kB | 1.2/3.2 MB | 27/50 kB | 72/519 kB | 114/138 kBProgress (5): 246 kB | 1.2/3.2 MB | 29/50 kB | 72/519 kB | 114/138 kBProgress (5): 246 kB | 1.2/3.2 MB | 30/50 kB | 72/519 kB | 114/138 kBProgress (5): 246 kB | 1.2/3.2 MB | 31/50 kB | 72/519 kB | 114/138 kBProgress (5): 246 kB | 1.2/3.2 MB | 33/50 kB | 72/519 kB | 114/138 kBProgress (5): 246 kB | 1.2/3.2 MB | 34/50 kB | 72/519 kB | 114/138 kBProgress (5): 246 kB | 1.2/3.2 MB | 36/50 kB | 72/519 kB | 114/138 kBProgress (5): 246 kB | 1.2/3.2 MB | 37/50 kB | 72/519 kB | 114/138 kBProgress (5): 246 kB | 1.2/3.2 MB | 38/50 kB | 72/519 kB | 114/138 kBProgress (5): 246 kB | 1.2/3.2 MB | 40/50 kB | 72/519 kB | 114/138 kBProgress (5): 246 kB | 1.2/3.2 MB | 40/50 kB | 72/519 kB | 118/138 kBProgress (5): 246 kB | 1.2/3.2 MB | 41/50 kB | 72/519 kB | 118/138 kBProgress (5): 246 kB | 1.2/3.2 MB | 42/50 kB | 72/519 kB | 118/138 kBProgress (5): 246 kB | 1.2/3.2 MB | 44/50 kB | 72/519 kB | 118/138 kBProgress (5): 246 kB | 1.2/3.2 MB | 45/50 kB | 72/519 kB | 118/138 kBProgress (5): 246 kB | 1.2/3.2 MB | 47/50 kB | 72/519 kB | 118/138 kBProgress (5): 246 kB | 1.2/3.2 MB | 48/50 kB | 72/519 kB | 118/138 kBProgress (5): 246 kB | 1.2/3.2 MB | 48/50 kB | 72/519 kB | 118/138 kBProgress (5): 246 kB | 1.2/3.2 MB | 48/50 kB | 72/519 kB | 122/138 kBProgress (5): 246 kB | 1.2/3.2 MB | 48/50 kB | 72/519 kB | 127/138 kBProgress (5): 246 kB | 1.2/3.2 MB | 48/50 kB | 72/519 kB | 131/138 kBProgress (5): 246 kB | 1.2/3.2 MB | 48/50 kB | 72/519 kB | 131/138 kBProgress (5): 246 kB | 1.2/3.2 MB | 48/50 kB | 72/519 kB | 135/138 kBProgress (5): 246 kB | 1.2/3.2 MB | 48/50 kB | 72/519 kB | 138 kB    Progress (5): 246 kB | 1.2/3.2 MB | 49/50 kB | 72/519 kB | 138 kBProgress (5): 246 kB | 1.2/3.2 MB | 50 kB | 72/519 kB | 138 kB   Progress (5): 246 kB | 1.2/3.2 MB | 50 kB | 72/519 kB | 138 kBProgress (5): 246 kB | 1.3/3.2 MB | 50 kB | 72/519 kB | 138 kBProgress (5): 246 kB | 1.3/3.2 MB | 50 kB | 72/519 kB | 138 kBProgress (5): 246 kB | 1.3/3.2 MB | 50 kB | 72/519 kB | 138 kBProgress (5): 246 kB | 1.3/3.2 MB | 50 kB | 72/519 kB | 138 kBProgress (5): 246 kB | 1.3/3.2 MB | 50 kB | 72/519 kB | 138 kBProgress (5): 246 kB | 1.3/3.2 MB | 50 kB | 72/519 kB | 138 kBProgress (5): 246 kB | 1.4/3.2 MB | 50 kB | 72/519 kB | 138 kBProgress (5): 246 kB | 1.4/3.2 MB | 50 kB | 72/519 kB | 138 kBProgress (5): 246 kB | 1.4/3.2 MB | 50 kB | 72/519 kB | 138 kBProgress (5): 246 kB | 1.4/3.2 MB | 50 kB | 72/519 kB | 138 kBProgress (5): 246 kB | 1.4/3.2 MB | 50 kB | 72/519 kB | 138 kBProgress (5): 246 kB | 1.4/3.2 MB | 50 kB | 72/519 kB | 138 kBProgress (5): 246 kB | 1.5/3.2 MB | 50 kB | 72/519 kB | 138 kBProgress (5): 246 kB | 1.5/3.2 MB | 50 kB | 72/519 kB | 138 kBProgress (5): 246 kB | 1.5/3.2 MB | 50 kB | 72/519 kB | 138 kBProgress (5): 246 kB | 1.5/3.2 MB | 50 kB | 72/519 kB | 138 kBProgress (5): 246 kB | 1.5/3.2 MB | 50 kB | 72/519 kB | 138 kBProgress (5): 246 kB | 1.5/3.2 MB | 50 kB | 72/519 kB | 138 kBProgress (5): 246 kB | 1.6/3.2 MB | 50 kB | 72/519 kB | 138 kBProgress (5): 246 kB | 1.6/3.2 MB | 50 kB | 72/519 kB | 138 kBProgress (5): 246 kB | 1.6/3.2 MB | 50 kB | 72/519 kB | 138 kBProgress (5): 246 kB | 1.6/3.2 MB | 50 kB | 72/519 kB | 138 kBProgress (5): 246 kB | 1.6/3.2 MB | 50 kB | 72/519 kB | 138 kB                                                              Downloaded from central: https://repo.maven.apache.org/maven2/io/swagger/core/v3/swagger-core-jakarta/2.2.29/swagger-core-jakarta-2.2.29.jar (246 kB at 234 kB/s)
Progress (4): 1.6/3.2 MB | 50 kB | 72/519 kB | 138 kB                                                     Downloaded from central: https://repo.maven.apache.org/maven2/io/swagger/core/v3/swagger-models-jakarta/2.2.29/swagger-models-jakarta-2.2.29.jar (138 kB at 130 kB/s)
Progress (3): 1.7/3.2 MB | 50 kB | 72/519 kBProgress (3): 1.7/3.2 MB | 50 kB | 72/519 kBProgress (3): 1.7/3.2 MB | 50 kB | 76/519 kBProgress (3): 1.7/3.2 MB | 50 kB | 80/519 kBProgress (3): 1.7/3.2 MB | 50 kB | 84/519 kBProgress (3): 1.7/3.2 MB | 50 kB | 89/519 kBProgress (3): 1.7/3.2 MB | 50 kB | 93/519 kBProgress (3): 1.7/3.2 MB | 50 kB | 97/519 kBProgress (3): 1.7/3.2 MB | 50 kB | 101/519 kBProgress (3): 1.7/3.2 MB | 50 kB | 101/519 kBProgress (3): 1.7/3.2 MB | 50 kB | 101/519 kBProgress (3): 1.7/3.2 MB | 50 kB | 105/519 kBProgress (3): 1.7/3.2 MB | 50 kB | 105/519 kBProgress (3): 1.7/3.2 MB | 50 kB | 105/519 kBProgress (3): 1.7/3.2 MB | 50 kB | 110/519 kBProgress (3): 1.7/3.2 MB | 50 kB | 114/519 kB                                             Downloaded from central: https://repo.maven.apache.org/maven2/io/swagger/core/v3/swagger-annotations-jakarta/2.2.29/swagger-annotations-jakarta-2.2.29.jar (50 kB at 46 kB/s)
Progress (2): 1.7/3.2 MB | 118/519 kBProgress (2): 1.7/3.2 MB | 122/519 kBProgress (2): 1.7/3.2 MB | 122/519 kBProgress (2): 1.7/3.2 MB | 127/519 kBProgress (2): 1.7/3.2 MB | 127/519 kBProgress (2): 1.7/3.2 MB | 131/519 kBProgress (2): 1.7/3.2 MB | 135/519 kBProgress (2): 1.8/3.2 MB | 135/519 kBProgress (2): 1.8/3.2 MB | 135/519 kBProgress (2): 1.8/3.2 MB | 135/519 kBProgress (2): 1.8/3.2 MB | 135/519 kBProgress (2): 1.8/3.2 MB | 135/519 kBProgress (2): 1.8/3.2 MB | 140/519 kBProgress (2): 1.8/3.2 MB | 144/519 kBProgress (2): 1.8/3.2 MB | 148/519 kBProgress (2): 1.8/3.2 MB | 148/519 kBProgress (2): 1.8/3.2 MB | 152/519 kBProgress (2): 1.8/3.2 MB | 157/519 kBProgress (2): 1.9/3.2 MB | 157/519 kBProgress (2): 1.9/3.2 MB | 161/519 kBProgress (2): 1.9/3.2 MB | 161/519 kBProgress (2): 1.9/3.2 MB | 161/519 kBProgress (2): 1.9/3.2 MB | 165/519 kBProgress (2): 1.9/3.2 MB | 169/519 kBProgress (2): 1.9/3.2 MB | 173/519 kBProgress (2): 1.9/3.2 MB | 178/519 kBProgress (2): 1.9/3.2 MB | 182/519 kBProgress (2): 1.9/3.2 MB | 182/519 kBProgress (2): 1.9/3.2 MB | 182/519 kBProgress (2): 1.9/3.2 MB | 182/519 kBProgress (2): 2.0/3.2 MB | 182/519 kBProgress (2): 2.0/3.2 MB | 182/519 kBProgress (2): 2.0/3.2 MB | 182/519 kBProgress (2): 2.0/3.2 MB | 182/519 kBProgress (2): 2.0/3.2 MB | 182/519 kBProgress (2): 2.0/3.2 MB | 182/519 kBProgress (2): 2.1/3.2 MB | 182/519 kBProgress (2): 2.1/3.2 MB | 182/519 kBProgress (2): 2.1/3.2 MB | 182/519 kBProgress (2): 2.1/3.2 MB | 182/519 kBProgress (2): 2.1/3.2 MB | 182/519 kBProgress (2): 2.1/3.2 MB | 182/519 kBProgress (2): 2.2/3.2 MB | 182/519 kBProgress (2): 2.2/3.2 MB | 182/519 kBProgress (2): 2.2/3.2 MB | 182/519 kBProgress (2): 2.2/3.2 MB | 182/519 kBProgress (2): 2.2/3.2 MB | 182/519 kBProgress (2): 2.2/3.2 MB | 182/519 kBProgress (2): 2.3/3.2 MB | 182/519 kBProgress (2): 2.3/3.2 MB | 182/519 kBProgress (2): 2.3/3.2 MB | 182/519 kBProgress (2): 2.3/3.2 MB | 182/519 kBProgress (2): 2.3/3.2 MB | 182/519 kBProgress (2): 2.3/3.2 MB | 182/519 kBProgress (2): 2.4/3.2 MB | 182/519 kBProgress (2): 2.4/3.2 MB | 182/519 kBProgress (2): 2.4/3.2 MB | 182/519 kBProgress (2): 2.4/3.2 MB | 182/519 kBProgress (2): 2.4/3.2 MB | 182/519 kBProgress (2): 2.4/3.2 MB | 182/519 kBProgress (2): 2.5/3.2 MB | 182/519 kBProgress (2): 2.5/3.2 MB | 182/519 kBProgress (2): 2.5/3.2 MB | 182/519 kBProgress (2): 2.5/3.2 MB | 182/519 kBProgress (2): 2.5/3.2 MB | 182/519 kBProgress (2): 2.5/3.2 MB | 182/519 kBProgress (2): 2.6/3.2 MB | 182/519 kBProgress (2): 2.6/3.2 MB | 182/519 kBProgress (2): 2.6/3.2 MB | 182/519 kBProgress (2): 2.6/3.2 MB | 182/519 kBProgress (2): 2.6/3.2 MB | 186/519 kBProgress (2): 2.6/3.2 MB | 190/519 kBProgress (2): 2.6/3.2 MB | 195/519 kBProgress (2): 2.6/3.2 MB | 199/519 kBProgress (2): 2.6/3.2 MB | 203/519 kBProgress (2): 2.6/3.2 MB | 203/519 kBProgress (2): 2.6/3.2 MB | 207/519 kBProgress (2): 2.6/3.2 MB | 212/519 kBProgress (2): 2.6/3.2 MB | 216/519 kBProgress (2): 2.6/3.2 MB | 220/519 kBProgress (2): 2.6/3.2 MB | 220/519 kBProgress (2): 2.6/3.2 MB | 236/519 kBProgress (2): 2.6/3.2 MB | 253/519 kBProgress (2): 2.6/3.2 MB | 258/519 kBProgress (2): 2.6/3.2 MB | 274/519 kBProgress (2): 2.6/3.2 MB | 291/519 kBProgress (2): 2.6/3.2 MB | 307/519 kBProgress (2): 2.6/3.2 MB | 307/519 kBProgress (2): 2.6/3.2 MB | 324/519 kBProgress (2): 2.6/3.2 MB | 340/519 kBProgress (2): 2.6/3.2 MB | 346/519 kBProgress (2): 2.6/3.2 MB | 363/519 kBProgress (2): 2.6/3.2 MB | 379/519 kBProgress (2): 2.6/3.2 MB | 395/519 kBProgress (2): 2.7/3.2 MB | 395/519 kBProgress (2): 2.7/3.2 MB | 412/519 kBProgress (2): 2.7/3.2 MB | 412/519 kBProgress (2): 2.7/3.2 MB | 428/519 kBProgress (2): 2.7/3.2 MB | 428/519 kBProgress (2): 2.7/3.2 MB | 428/519 kBProgress (2): 2.7/3.2 MB | 445/519 kBProgress (2): 2.7/3.2 MB | 445/519 kBProgress (2): 2.7/3.2 MB | 445/519 kBProgress (2): 2.8/3.2 MB | 445/519 kBProgress (2): 2.8/3.2 MB | 445/519 kBProgress (2): 2.8/3.2 MB | 461/519 kBProgress (2): 2.8/3.2 MB | 477/519 kBProgress (2): 2.8/3.2 MB | 494/519 kBProgress (2): 2.8/3.2 MB | 510/519 kBProgress (2): 2.8/3.2 MB | 519 kB    Progress (2): 2.8/3.2 MB | 519 kBProgress (2): 2.8/3.2 MB | 519 kBProgress (2): 2.8/3.2 MB | 519 kBProgress (2): 2.8/3.2 MB | 519 kBProgress (2): 2.9/3.2 MB | 519 kBProgress (2): 2.9/3.2 MB | 519 kBProgress (2): 2.9/3.2 MB | 519 kBProgress (2): 2.9/3.2 MB | 519 kBProgress (2): 2.9/3.2 MB | 519 kBProgress (2): 2.9/3.2 MB | 519 kBProgress (2): 3.0/3.2 MB | 519 kBProgress (2): 3.0/3.2 MB | 519 kBProgress (2): 3.0/3.2 MB | 519 kBProgress (2): 3.0/3.2 MB | 519 kB                                 Downloaded from central: https://repo.maven.apache.org/maven2/org/springdoc/springdoc-openapi-starter-common/2.8.6/springdoc-openapi-starter-common-2.8.6.jar (519 kB at 240 kB/s)
Progress (1): 3.0/3.2 MBProgress (1): 3.0/3.2 MBProgress (1): 3.0/3.2 MBProgress (1): 3.1/3.2 MBProgress (1): 3.1/3.2 MBProgress (1): 3.1/3.2 MBProgress (1): 3.1/3.2 MBProgress (1): 3.1/3.2 MBProgress (1): 3.1/3.2 MBProgress (1): 3.2/3.2 MBProgress (1): 3.2 MB                        Downloaded from central: https://repo.maven.apache.org/maven2/org/webjars/swagger-ui/5.20.1/swagger-ui-5.20.1.jar (3.2 MB at 1.3 MB/s)
[INFO] 
[INFO] --- clean:3.5.0:clean (default-clean) @ gestion-scolaire ---
[INFO] Deleting C:\Users\Djibril\Downloads\gestion-scolaire\gestion-scolaire\target
[INFO] 
[INFO] --- resources:3.5.0:resources (default-resources) @ gestion-scolaire ---
[INFO] Copying 1 resource from src\main\resources to target\classes
[INFO] Copying 2 resources from src\main\resources to target\classes
[INFO] 
[INFO] --- compiler:3.15.0:compile (default-compile) @ gestion-scolaire ---
[INFO] Recompiling the module because of changed dependency.
[INFO] Compiling 60 source files with javac [debug parameters release 17] to target\classes
WARNING: A terminally deprecated method in sun.misc.Unsafe has been called
WARNING: sun.misc.Unsafe::objectFieldOffset has been called by lombok.permit.Permit
WARNING: Please consider reporting this to the maintainers of class lombok.permit.Permit
WARNING: sun.misc.Unsafe::objectFieldOffset will be removed in a future release
[INFO] /C:/Users/Djibril/Downloads/gestion-scolaire/gestion-scolaire/src/main/java/sn/ipd/gestion_scolaire/security/JwtAuthenticationFilter.java: Some input files use or override a deprecated API.
[INFO] /C:/Users/Djibril/Downloads/gestion-scolaire/gestion-scolaire/src/main/java/sn/ipd/gestion_scolaire/security/JwtAuthenticationFilter.java: Recompile with -Xlint:deprecation for details.
[INFO] 
[INFO] --- resources:3.5.0:testResources (default-testResources) @ gestion-scolaire ---
[INFO] Copying 1 resource from src\test\resources to target\test-classes
[INFO] 
[INFO] --- compiler:3.15.0:testCompile (default-testCompile) @ gestion-scolaire ---
[INFO] Recompiling the module because of changed dependency.
[INFO] Compiling 2 source files with javac [debug parameters release 17] to target\test-classes
[INFO] 
[INFO] --- surefire:3.5.6:test (default-test) @ gestion-scolaire ---
[INFO] Using auto detected provider org.apache.maven.surefire.junitplatform.JUnitPlatformProvider
[INFO] 
[INFO] -------------------------------------------------------
[INFO]  T E S T S
[INFO] -------------------------------------------------------
[INFO] Running sn.ipd.gestion_scolaire.AuthFlowIntegrationTest
18:59:39.680 [main] INFO org.springframework.test.context.support.AnnotationConfigContextLoaderUtils -- Could not detect default configuration classes for test class [sn.ipd.gestion_scolaire.AuthFlowIntegrationTest]: AuthFlowIntegrationTest does not declare any static, non-private, non-final, nested classes annotated with @Configuration.
18:59:57.355 [main] INFO org.springframework.boot.test.context.SpringBootTestContextBootstrapper -- Found @SpringBootConfiguration sn.ipd.gestion_scolaire.GestionScolaireApplication for test class sn.ipd.gestion_scolaire.AuthFlowIntegrationTest
19:00:09.925 [main] INFO org.springframework.test.context.support.AnnotationConfigContextLoaderUtils -- Could not detect default configuration classes for test class [sn.ipd.gestion_scolaire.AuthFlowIntegrationTest]: AuthFlowIntegrationTest does not declare any static, non-private, non-final, nested classes annotated with @Configuration.
19:00:09.965 [main] INFO org.springframework.boot.test.context.SpringBootTestContextBootstrapper -- Found @SpringBootConfiguration sn.ipd.gestion_scolaire.GestionScolaireApplication for test class sn.ipd.gestion_scolaire.AuthFlowIntegrationTest

  .   ____          _            __ _ _
 /\\ / ___'_ __ _ _(_)_ __  __ _ \ \ \ \
( ( )\___ | '_ | '_| | '_ \/ _` | \ \ \ \
 \\/  ___)| |_)| | | | | || (_| |  ) ) ) )
  '  |____| .__|_| |_|_| |_\__, | / / / /
 =========|_|==============|___/=/_/_/_/

 :: Spring Boot ::                (v4.1.0)

2026-08-02T19:00:37.828Z  INFO 13700 --- [           main] s.i.g.AuthFlowIntegrationTest            : Starting AuthFlowIntegrationTest using Java 26.0.1 with PID 13700 (started by Djibril in C:\Users\Djibril\Downloads\gestion-scolaire\gestion-scolaire)
2026-08-02T19:00:37.841Z  INFO 13700 --- [           main] s.i.g.AuthFlowIntegrationTest            : No active profile set, falling back to 1 default profile: "default"
2026-08-02T19:01:25.326Z  INFO 13700 --- [           main] .s.d.r.c.RepositoryConfigurationDelegate : Bootstrapping Spring Data JPA repositories in DEFAULT mode.
2026-08-02T19:01:27.258Z  INFO 13700 --- [           main] .s.d.r.c.RepositoryConfigurationDelegate : Finished Spring Data repository scanning in 1117 ms. Found 7 JPA repository interfaces.
2026-08-02T19:01:52.084Z  INFO 13700 --- [           main] org.hibernate.orm.jpa                    : HHH008540: Processing PersistenceUnitInfo [name: default]
2026-08-02T19:02:04.667Z  INFO 13700 --- [           main] org.hibernate.orm.core                   : HHH000001: Hibernate ORM core version 7.4.1.Final
2026-08-02T19:02:55.166Z  INFO 13700 --- [           main] o.s.o.j.p.SpringPersistenceUnitInfo      : No LoadTimeWeaver setup: ignoring JPA class transformer
2026-08-02T19:03:01.758Z  INFO 13700 --- [           main] com.zaxxer.hikari.HikariDataSource       : HikariPool-1 - Starting...
2026-08-02T19:03:27.824Z  INFO 13700 --- [           main] com.zaxxer.hikari.pool.HikariPool        : HikariPool-1 - Added connection conn0: url=jdbc:h2:mem:testdb user=SA
2026-08-02T19:03:27.872Z  INFO 13700 --- [           main] com.zaxxer.hikari.HikariDataSource       : HikariPool-1 - Start completed.
2026-08-02T19:03:35.783Z  INFO 13700 --- [           main] org.hibernate.orm.connections.pooling    : HHH10001005: Database info:
	Database JDBC URL [jdbc:h2:mem:testdb]
	Database driver: H2 JDBC Driver
	Database dialect: H2Dialect
	Database version: 2.4.240
	Default catalog/schema: testdb/public
	Autocommit mode: undefined/unknown
	Isolation level: READ_COMMITTED [default READ_COMMITTED]
	JDBC fetch size: 100
	Pool: DataSourceConnectionProvider
	Minimum pool size: undefined/unknown
	Maximum pool size: undefined/unknown
2026-08-02T19:04:59.716Z  INFO 13700 --- [           main] org.hibernate.orm.core                   : HHH000489: No JTA platform available (set 'hibernate.transaction.jta.platform' to enable JTA platform integration)
2026-08-02T19:05:03.170Z  INFO 13700 --- [           main] j.LocalContainerEntityManagerFactoryBean : Initialized JPA EntityManagerFactory for persistence unit 'default'
2026-08-02T19:05:07.427Z  INFO 13700 --- [           main] o.s.d.j.r.query.QueryEnhancerFactories   : Hibernate is in classpath; If applicable, HQL parser will be used.
2026-08-02T19:06:06.212Z  INFO 13700 --- [           main] r$InitializeUserDetailsManagerConfigurer : Global AuthenticationManager configured with UserDetailsService bean with name customUserDetailsService
2026-08-02T19:07:05.468Z  INFO 13700 --- [           main] s.i.g.AuthFlowIntegrationTest            : Started AuthFlowIntegrationTest in 406.464 seconds (process running for 591.818)
2026-08-02T19:07:10.193Z  INFO 13700 --- [           main] s.i.g.config.DataInitializer             : Initialisation des données de démonstration...
2026-08-02T19:07:17.452Z  INFO 13700 --- [           main] s.i.g.config.DataInitializer             : Seed terminé : 1 admin, 3 enseignants, 5 étudiants, 3 cours, 6 inscriptions.
Mockito is currently self-attaching to enable the inline-mock-maker. This will no longer work in future releases of the JDK. Please add Mockito as an agent to your build as described in Mockito's documentation: https://javadoc.io/doc/org.mockito/mockito-core/latest/org.mockito/org/mockito/Mockito.html#0.3
WARNING: A Java agent has been loaded dynamically (C:\Users\Djibril\.m2\repository\net\bytebuddy\byte-buddy-agent\1.18.10\byte-buddy-agent-1.18.10.jar)
WARNING: If a serviceability tool is in use, please run with -XX:+EnableDynamicAgentLoading to hide this warning
WARNING: If a serviceability tool is not in use, please run with -Djdk.instrument.traceUsage for more information
WARNING: Dynamic loading of agents will be disallowed by default in a future release
Java HotSpot(TM) 64-Bit Server VM warning: Sharing is only supported for boot loader classes because bootstrap classpath has been appended
[INFO] Tests run: 1, Failures: 0, Errors: 0, Skipped: 0, Time elapsed: 629.8 s -- in sn.ipd.gestion_scolaire.AuthFlowIntegrationTest
[INFO] Running sn.ipd.gestion_scolaire.GestionScolaireApplicationTests
2026-08-02T19:09:09.457Z  INFO 13700 --- [           main] t.c.s.AnnotationConfigContextLoaderUtils : Could not detect default configuration classes for test class [sn.ipd.gestion_scolaire.GestionScolaireApplicationTests]: GestionScolaireApplicationTests does not declare any static, non-private, non-final, nested classes annotated with @Configuration.
2026-08-02T19:09:09.461Z  INFO 13700 --- [           main] .b.t.c.SpringBootTestContextBootstrapper : Found @SpringBootConfiguration sn.ipd.gestion_scolaire.GestionScolaireApplication for test class sn.ipd.gestion_scolaire.GestionScolaireApplicationTests
2026-08-02T19:09:09.471Z  INFO 13700 --- [           main] t.c.s.AnnotationConfigContextLoaderUtils : Could not detect default configuration classes for test class [sn.ipd.gestion_scolaire.GestionScolaireApplicationTests]: GestionScolaireApplicationTests does not declare any static, non-private, non-final, nested classes annotated with @Configuration.
2026-08-02T19:09:09.476Z  INFO 13700 --- [           main] .b.t.c.SpringBootTestContextBootstrapper : Found @SpringBootConfiguration sn.ipd.gestion_scolaire.GestionScolaireApplication for test class sn.ipd.gestion_scolaire.GestionScolaireApplicationTests
[INFO] Tests run: 1, Failures: 0, Errors: 0, Skipped: 0, Time elapsed: 0.060 s -- in sn.ipd.gestion_scolaire.GestionScolaireApplicationTests
[INFO] 
[INFO] Results:
[INFO] 
[INFO] Tests run: 2, Failures: 0, Errors: 0, Skipped: 0
[INFO] 
[INFO] ------------------------------------------------------------------------
[INFO] BUILD SUCCESS
[INFO] ------------------------------------------------------------------------
[INFO] Total time:  20:55 min
[INFO] Finished at: 2026-08-02T19:09:19Z
[INFO] ------------------------------------------------------------------------
